# Xunji 运行态快照

╭─ [Xunji] [运行态快照] ────────────────────────────────────────────────────────
│ [当前阶段] [Reviewer｜复审把关]
│ [前线状态] 开放 0 / 延后 6 / 已关闭 4
│ [证据变化] 总计 17；本轮新增 0；置信提升 0
│ [覆盖进展] 已测 27；本轮新增 0；未测 1
│ [无进展轮数] 1（继续推进）
│ [Agent 状态] 任务 0；未解决冲突 0
│ [需要并行分派] 否
│ [Loop 已完成] 否
│ [接近收口复核] 是
│ [收口阻断项] 0
╰────────────────────────────────────────────────────────

- [当前阶段] [Reviewer｜复审把关]
- [开放/延后/关闭前线] 0 / 6 / 4
- [证据] 17 total; 本轮新增: 0; 置信提升: 0
- [覆盖] 27 tested cells; 本轮新增: 0; 未测适用单元: 1
- [无进展轮数] 1 (continue / 继续)
- [Agents] 0 assignments; 未解决冲突: 0
- [需要并行分派] 否
- [Loop 已完成] 否
- [收口复核候选] 是

## 下一步建议 (Next Actions)

- 收口复核候选：暂停前必须跑硬收口闸门、replay 核实、独立复审和复盘。 [Closure review candidate: run hard closure gates, replay verification, independent review, and retrospective before any pause.]
